
Time: 19/1/2026, 3:04:02 pm
Platform: win32
CPU Architecture: x64
Free Memory: 865734656
Total Memory: 8259358720
-----------------------------

Time: 19/1/2026, 3:04:07 pm
Platform: win32
CPU Architecture: x64
Free Memory: 793784320
Total Memory: 8259358720
-----------------------------

Time: 19/1/2026, 3:04:12 pm
Platform: win32
CPU Architecture: x64
Free Memory: 399011840
Total Memory: 8259358720
-----------------------------

Time: 19/1/2026, 3:04:17 pm
Platform: win32
CPU Architecture: x64
Free Memory: 894218240
Total Memory: 8259358720
-----------------------------

Time: 19/1/2026, 3:04:22 pm
Platform: win32
CPU Architecture: x64
Free Memory: 684572672
Total Memory: 8259358720
-----------------------------

Time: 19/1/2026, 3:04:27 pm
Platform: win32
CPU Architecture: x64
Free Memory: 1030746112
Total Memory: 8259358720
-----------------------------

Time: 19/1/2026, 3:04:32 pm
Platform: win32
CPU Architecture: x64
Free Memory: 1052954624
Total Memory: 8259358720
-----------------------------

Time: 19/1/2026, 3:04:37 pm
Platform: win32
CPU Architecture: x64
Free Memory: 1022746624
Total Memory: 8259358720
-----------------------------

Time: 19/1/2026, 3:04:42 pm
Platform: win32
CPU Architecture: x64
Free Memory: 953708544
Total Memory: 8259358720
-----------------------------

Time: 19/1/2026, 3:04:47 pm
Platform: win32
CPU Architecture: x64
Free Memory: 977346560
Total Memory: 8259358720
-----------------------------

Time: 19/1/2026, 3:04:52 pm
Platform: win32
CPU Architecture: x64
Free Memory: 1005039616
Total Memory: 8259358720
-----------------------------

Time: 19/1/2026, 3:04:57 pm
Platform: win32
CPU Architecture: x64
Free Memory: 960401408
Total Memory: 8259358720
-----------------------------
